[2022-02-04T07:46:32.062+0000][21567][gc] Using G1
[2022-02-04T07:46:32.080+0000][21567][gc,init] Version: 17.0.1+12 (release)
[2022-02-04T07:46:32.080+0000][21567][gc,init] CPUs: 2 total, 2 available
[2022-02-04T07:46:32.080+0000][21567][gc,init] Memory: 7847M
[2022-02-04T07:46:32.080+0000][21567][gc,init] Large Page Support: Disabled
[2022-02-04T07:46:32.080+0000][21567][gc,init] NUMA Support: Disabled
[2022-02-04T07:46:32.080+0000][21567][gc,init] Compressed Oops: Enabled (Zero based)
[2022-02-04T07:46:32.080+0000][21567][gc,init] Heap Region Size: 2M
[2022-02-04T07:46:32.080+0000][21567][gc,init] Heap Min Capacity: 3924M
[2022-02-04T07:46:32.080+0000][21567][gc,init] Heap Initial Capacity: 3924M
[2022-02-04T07:46:32.080+0000][21567][gc,init] Heap Max Capacity: 3924M
[2022-02-04T07:46:32.080+0000][21567][gc,init] Pre-touch: Disabled
[2022-02-04T07:46:32.080+0000][21567][gc,init] Parallel Workers: 2
[2022-02-04T07:46:32.080+0000][21567][gc,init] Concurrent Workers: 1
[2022-02-04T07:46:32.080+0000][21567][gc,init] Concurrent Refinement Workers: 2
[2022-02-04T07:46:32.080+0000][21567][gc,init] Periodic GC: Disabled
[2022-02-04T07:46:32.080+0000][21567][gc,metaspace] CDS archive(s) not mapped
[2022-02-04T07:46:32.080+0000][21567][gc,metaspace] Compressed class space mapped at: 0x00000007c0000000-0x0000000800000000, reserved size: 1073741824
[2022-02-04T07:46:32.080+0000][21567][gc,metaspace] Narrow klass base: 0x0000000000000000, Narrow klass shift: 3, Narrow klass range: 0x800000000
[2022-02-04T07:46:32.178+0000][21567][gc,heap,exit] Heap
[2022-02-04T07:46:32.178+0000][21567][gc,heap,exit]  garbage-first heap   total 4018176K, used 2050K [0x00000006cac00000, 0x00000007c0000000)
[2022-02-04T07:46:32.178+0000][21567][gc,heap,exit]   region size 2048K, 2 young (4096K), 0 survivors (0K)
[2022-02-04T07:46:32.178+0000][21567][gc,heap,exit]  Metaspace       used 3426K, committed 3520K, reserved 1056768K
[2022-02-04T07:46:32.178+0000][21567][gc,heap,exit]   class space    used 269K, committed 320K, reserved 1048576K
